[0.006s][info][gc] Using The Z Garbage Collector
[0.129s][info][gc] GC(0) Garbage Collection (Warmup) 6M(20%)->6M(20%)
[0.236s][info][gc] GC(1) Garbage Collection (Warmup) 6M(20%)->4M(13%)
[3.234s][info][gc] GC(2) Garbage Collection (Warmup) 14M(47%)->8M(27%)
[3.450s][info][gc] GC(3) Garbage Collection (Allocation Rate) 22M(73%)->8M(27%)
[3.540s][info][gc] GC(4) Garbage Collection (Allocation Rate) 10M(33%)->8M(27%)
[3.644s][info][gc] GC(5) Garbage Collection (Allocation Rate) 10M(33%)->10M(33%)
[3.734s][info][gc] GC(6) Garbage Collection (Allocation Rate) 10M(33%)->10M(33%)
[3.831s][info][gc] GC(7) Garbage Collection (Allocation Rate) 10M(33%)->10M(33%)
[3.929s][info][gc] GC(8) Garbage Collection (Allocation Rate) 10M(33%)->10M(33%)
[6.343s][info][gc] GC(9) Garbage Collection (Proactive) 14M(47%)->10M(33%)
[9.640s][info][gc] GC(10) Garbage Collection (Proactive) 14M(47%)->10M(33%)
[11.039s][info][gc] GC(11) Garbage Collection (Proactive) 14M(47%)->10M(33%)
[12.535s][info][gc] GC(12) Garbage Collection (Proactive) 14M(47%)->8M(27%)
[13.339s][info][gc] GC(13) Garbage Collection (Proactive) 12M(40%)->10M(33%)
[33.537s][info][gc] GC(14) Garbage Collection (Proactive) 14M(47%)->8M(27%)
[45.746s][info][gc] GC(15) Garbage Collection (Proactive) 12M(40%)->6M(20%)
[59.133s][info][gc] GC(16) Garbage Collection (Proactive) 10M(33%)->8M(27%)
[71.738s][info][gc] GC(17) Garbage Collection (Proactive) 12M(40%)->8M(27%)
[85.545s][info][gc] GC(18) Garbage Collection (Proactive) 12M(40%)->8M(27%)
[96.740s][info][gc] GC(19) Garbage Collection (Proactive) 12M(40%)->8M(27%)
[112.737s][info][gc] GC(20) Garbage Collection (Proactive) 12M(40%)->8M(27%)
[126.744s][info][gc] GC(21) Garbage Collection (Proactive) 12M(40%)->8M(27%)
[139.732s][info][gc] GC(22) Garbage Collection (Proactive) 12M(40%)->8M(27%)
[151.541s][info][gc] GC(23) Garbage Collection (Proactive) 12M(40%)->10M(33%)
[151.948s][info][gc] Allocation Stall (*** Profiler Agent Special Execution Thread 2) 5.661ms
[151.948s][info][gc] Allocation Stall (Common-Cleaner) 1.362ms
[151.948s][info][gc] GC(24) Garbage Collection (Allocation Rate) 22M(73%)->22M(73%)
[151.987s][info][gc] Relocation Stall (*** Profiler Agent Special Execution Thread 2) 0.433ms
[151.987s][info][gc] GC(25) Garbage Collection (Allocation Stall) 30M(100%)->16M(53%)
[151.987s][info][gc] Allocation Stall (*** Profiler Agent Special Execution Thread 2) 16.456ms
[152.023s][info][gc] Relocation Stall (*** Profiler Agent Special Execution Thread 2) 0.603ms
[152.023s][info][gc] Relocation Stall (*** JFluid Monitor thread ***) 0.551ms
[152.023s][info][gc] GC(26) Garbage Collection (Allocation Stall) 30M(100%)->20M(67%)
[152.023s][info][gc] Allocation Stall (*** Profiler Agent Special Execution Thread 2) 15.563ms
[152.023s][info][gc] Allocation Stall (*** JFluid Monitor thread ***) 11.692ms
[152.058s][info][gc] Relocation Stall (*** Profiler Agent Special Execution Thread 2) 0.285ms
[152.058s][info][gc] Allocation Stall (*** Profiler Agent Special Execution Thread 2) 12.070ms
[152.059s][info][gc] GC(27) Garbage Collection (Allocation Stall) 24M(80%)->24M(80%)
[152.077s][info][gc] Relocation Stall (*** Profiler Agent Special Execution Thread 2) 0.151ms
[152.077s][info][gc] Allocation Stall (*** Profiler Agent Special Execution Thread 2) 14.279ms
[152.077s][info][gc] GC(28) Garbage Collection (Allocation Stall) 30M(100%)->20M(67%)
[152.111s][info][gc] Relocation Stall (*** Profiler Agent Special Execution Thread 2) 0.176ms
[152.111s][info][gc] Allocation Stall (*** Profiler Agent Special Execution Thread 2) 13.499ms
[152.111s][info][gc] GC(29) Garbage Collection (Allocation Stall) 30M(100%)->22M(73%)
[152.136s][info][gc] GC(30) Garbage Collection (Allocation Rate) 22M(73%)->22M(73%)
[152.246s][info][gc] GC(31) Garbage Collection (Allocation Rate) 22M(73%)->22M(73%)
[152.337s][info][gc] GC(32) Garbage Collection (Allocation Rate) 22M(73%)->20M(67%)
[152.432s][info][gc] GC(33) Garbage Collection (Allocation Rate) 22M(73%)->22M(73%)
[152.547s][info][gc] GC(34) Garbage Collection (Allocation Rate) 22M(73%)->12M(40%)
[152.634s][info][gc] GC(35) Garbage Collection (Allocation Rate) 12M(40%)->10M(33%)
[152.744s][info][gc] GC(36) Garbage Collection (Allocation Rate) 12M(40%)->10M(33%)
[152.838s][info][gc] GC(37) Garbage Collection (Allocation Rate) 12M(40%)->10M(33%)
[152.932s][info][gc] GC(38) Garbage Collection (Allocation Rate) 12M(40%)->10M(33%)
[153.040s][info][gc] GC(39) Garbage Collection (Allocation Rate) 12M(40%)->10M(33%)
[153.135s][info][gc] GC(40) Garbage Collection (Allocation Rate) 12M(40%)->12M(40%)
[153.244s][info][gc] GC(41) Garbage Collection (Allocation Rate) 12M(40%)->12M(40%)
[153.336s][info][gc] GC(42) Garbage Collection (Allocation Rate) 12M(40%)->10M(33%)
[153.431s][info][gc] GC(43) Garbage Collection (Allocation Rate) 12M(40%)->10M(33%)
[153.541s][info][gc] GC(44) Garbage Collection (Allocation Rate) 12M(40%)->10M(33%)
[153.637s][info][gc] GC(45) Garbage Collection (Allocation Rate) 12M(40%)->10M(33%)
[153.731s][info][gc] GC(46) Garbage Collection (Allocation Rate) 12M(40%)->10M(33%)
[153.842s][info][gc] GC(47) Garbage Collection (Allocation Rate) 12M(40%)->12M(40%)
[175.853s][info][gc] GC(48) Garbage Collection (Proactive) 16M(53%)->10M(33%)
[177.541s][info][gc] GC(49) Garbage Collection (Proactive) 14M(47%)->10M(33%)
