[0.005s][info][gc] Using G1
[1.941s][info][gc] GC(0) Pause Young (Normal) (G1 Evacuation Pause) 4M->2M(12M) 2.645ms
[1.974s][info][gc] GC(1) Pause Young (Normal) (G1 Evacuation Pause) 3M->2M(12M) 1.493ms
[1.988s][info][gc] GC(2) Pause Young (Normal) (G1 Evacuation Pause) 3M->2M(12M) 1.003ms
[1.997s][info][gc] GC(3) Pause Young (Normal) (G1 Evacuation Pause) 3M->2M(12M) 0.778ms
[2.031s][info][gc] GC(4) Pause Young (Normal) (G1 Evacuation Pause) 4M->3M(12M) 0.899ms
[2.059s][info][gc] GC(5) Pause Young (Normal) (G1 Evacuation Pause) 5M->3M(12M) 1.280ms
[2.081s][info][gc] GC(6) Pause Young (Normal) (G1 Evacuation Pause) 6M->3M(12M) 0.923ms
[2.090s][info][gc] GC(7) Pause Young (Normal) (G1 Evacuation Pause) 5M->4M(12M) 1.444ms
[2.221s][info][gc] GC(8) Pause Young (Normal) (G1 Evacuation Pause) 6M->4M(12M) 1.538ms
[2.256s][info][gc] GC(9) Pause Young (Normal) (G1 Evacuation Pause) 6M->4M(12M) 1.164ms
[2.304s][info][gc] GC(10) Pause Young (Normal) (G1 Evacuation Pause) 6M->5M(12M) 1.346ms
[2.358s][info][gc] GC(11) Pause Young (Normal) (G1 Evacuation Pause) 7M->5M(12M) 1.322ms
[3.398s][info][gc] GC(12) Pause Young (Normal) (G1 Evacuation Pause) 7M->5M(12M) 1.740ms
[12.459s][info][gc] GC(13) Pause Young (Concurrent Start) (G1 Humongous Allocation) 7M->5M(12M) 1.489ms
[12.459s][info][gc] GC(14) Concurrent Mark Cycle
[12.464s][info][gc] GC(14) Pause Remark 6M->6M(12M) 2.234ms
[12.466s][info][gc] GC(14) Pause Cleanup 6M->6M(12M) 0.080ms
[12.466s][info][gc] GC(14) Concurrent Mark Cycle 6.906ms
[20.408s][info][gc] GC(15) Pause Young (Prepare Mixed) (G1 Evacuation Pause) 7M->6M(12M) 1.014ms
[21.477s][info][gc] GC(16) Pause Young (Mixed) (G1 Preventive Collection) 8M->6M(12M) 1.259ms
[21.480s][info][gc] GC(17) Pause Young (Concurrent Start) (G1 Evacuation Pause) 7M->6M(12M) 0.885ms
[21.480s][info][gc] GC(18) Concurrent Mark Cycle
[21.482s][info][gc] GC(19) Pause Young (Normal) (G1 Evacuation Pause) 7M->6M(12M) 0.682ms
[21.483s][info][gc] GC(20) Pause Young (Normal) (G1 Evacuation Pause) 7M->6M(12M) 0.683ms
[21.486s][info][gc] GC(18) Pause Remark 7M->7M(12M) 2.395ms
[21.488s][info][gc] GC(21) Pause Young (Normal) (G1 Evacuation Pause) 7M->6M(12M) 0.669ms
[21.489s][info][gc] GC(18) Pause Cleanup 7M->7M(12M) 0.057ms
[21.489s][info][gc] GC(18) Concurrent Mark Cycle 9.161ms
[21.490s][info][gc] GC(22) Pause Young (Prepare Mixed) (G1 Evacuation Pause) 7M->6M(12M) 0.741ms
[21.492s][info][gc] GC(23) Pause Young (Mixed) (G1 Evacuation Pause) 7M->6M(12M) 1.349ms
[21.494s][info][gc] GC(24) Pause Young (Concurrent Start) (G1 Evacuation Pause) 7M->6M(12M) 0.849ms
[21.494s][info][gc] GC(25) Concurrent Mark Cycle
[21.496s][info][gc] GC(26) Pause Young (Normal) (G1 Evacuation Pause) 7M->6M(12M) 0.884ms
[21.498s][info][gc] GC(27) Pause Young (Normal) (G1 Evacuation Pause) 7M->6M(12M) 0.746ms
[21.499s][info][gc] GC(28) Pause Young (Normal) (G1 Evacuation Pause) 7M->6M(12M) 0.506ms
[21.501s][info][gc] GC(25) Pause Remark 7M->7M(12M) 1.250ms
[21.502s][info][gc] GC(25) Pause Cleanup 8M->8M(12M) 0.043ms
[21.502s][info][gc] GC(25) Concurrent Mark Cycle 8.086ms
[21.503s][info][gc] GC(29) Pause Young (Normal) (G1 Evacuation Pause) 8M->6M(12M) 0.517ms
[21.505s][info][gc] GC(30) Pause Young (Concurrent Start) (G1 Evacuation Pause) 8M->6M(12M) 0.584ms
[21.505s][info][gc] GC(31) Concurrent Mark Cycle
[21.507s][info][gc] GC(32) Pause Young (Normal) (G1 Evacuation Pause) 8M->7M(12M) 0.429ms
[21.510s][info][gc] GC(31) Pause Remark 8M->8M(12M) 2.004ms
[21.511s][info][gc] GC(31) Pause Cleanup 8M->8M(12M) 0.002ms
[21.511s][info][gc] GC(31) Concurrent Mark Cycle 5.569ms
[21.511s][info][gc] GC(33) Pause Young (Normal) (G1 Evacuation Pause) 9M->7M(12M) 0.400ms
[21.514s][info][gc] GC(34) Pause Young (Concurrent Start) (G1 Evacuation Pause) 9M->7M(12M) 0.502ms
[21.514s][info][gc] GC(35) Concurrent Mark Cycle
[21.516s][info][gc] GC(36) Pause Young (Normal) (G1 Evacuation Pause) 9M->7M(12M) 0.389ms
[21.519s][info][gc] GC(35) Pause Remark 8M->8M(12M) 1.856ms
[21.519s][info][gc] GC(35) Pause Cleanup 8M->8M(12M) 0.001ms
[21.519s][info][gc] GC(35) Concurrent Mark Cycle 5.245ms
[21.520s][info][gc] GC(37) Pause Young (Normal) (G1 Evacuation Pause) 9M->7M(12M) 0.449ms
[21.522s][info][gc] GC(38) Pause Young (Concurrent Start) (G1 Humongous Allocation) 9M->7M(12M) 0.575ms
[21.522s][info][gc] GC(39) Concurrent Mark Cycle
[21.526s][info][gc] GC(39) Pause Remark 8M->8M(12M) 1.246ms
[21.526s][info][gc] GC(39) Pause Cleanup 8M->8M(12M) 0.002ms
[21.526s][info][gc] GC(39) Concurrent Mark Cycle 4.102ms
[25.937s][info][gc] GC(40) Pause Young (Concurrent Start) (G1 Humongous Allocation) 8M->5M(12M) 0.781ms
[25.937s][info][gc] GC(41) Concurrent Mark Cycle
[25.942s][info][gc] GC(41) Pause Remark 6M->6M(12M) 1.821ms
[25.944s][info][gc] GC(41) Pause Cleanup 6M->6M(12M) 0.081ms
[25.944s][info][gc] GC(41) Concurrent Mark Cycle 6.436ms
[33.136s][info][gc] GC(42) Pause Young (Concurrent Start) (G1 Humongous Allocation) 7M->5M(12M) 0.892ms
[33.136s][info][gc] GC(43) Concurrent Mark Cycle
[33.141s][info][gc] GC(43) Pause Remark 6M->6M(12M) 2.522ms
[33.142s][info][gc] GC(43) Pause Cleanup 6M->6M(12M) 0.078ms
[33.143s][info][gc] GC(43) Concurrent Mark Cycle 7.020ms
[46.416s][info][gc] GC(44) Pause Young (Normal) (G1 Evacuation Pause) 8M->7M(12M) 0.685ms
[56.432s][info][gc] GC(45) Pause Young (Concurrent Start) (G1 Evacuation Pause) 8M->6M(12M) 0.843ms
[56.432s][info][gc] GC(46) Concurrent Mark Cycle
[56.436s][info][gc] GC(46) Pause Remark 7M->7M(12M) 1.758ms
[56.438s][info][gc] GC(46) Pause Cleanup 7M->7M(12M) 0.079ms
[56.438s][info][gc] GC(46) Concurrent Mark Cycle 6.496ms
[66.425s][info][gc] GC(47) Pause Young (Normal) (G1 Evacuation Pause) 7M->6M(12M) 0.797ms
[75.447s][info][gc] GC(48) Pause Young (Concurrent Start) (G1 Evacuation Pause) 7M->6M(12M) 0.539ms
[75.447s][info][gc] GC(49) Concurrent Mark Cycle
[75.452s][info][gc] GC(49) Pause Remark 7M->7M(12M) 1.829ms
[75.453s][info][gc] GC(49) Pause Cleanup 7M->7M(12M) 0.064ms
[75.453s][info][gc] GC(49) Concurrent Mark Cycle 6.500ms
[85.456s][info][gc] GC(50) Pause Young (Normal) (G1 Evacuation Pause) 7M->6M(12M) 0.876ms
[96.441s][info][gc] GC(51) Pause Young (Concurrent Start) (G1 Evacuation Pause) 7M->6M(12M) 0.925ms
[96.441s][info][gc] GC(52) Concurrent Mark Cycle
[96.446s][info][gc] GC(52) Pause Remark 7M->7M(12M) 2.021ms
[96.448s][info][gc] GC(52) Pause Cleanup 7M->7M(12M) 0.067ms
[96.448s][info][gc] GC(52) Concurrent Mark Cycle 6.518ms
[106.479s][info][gc] GC(53) Pause Young (Normal) (G1 Evacuation Pause) 7M->6M(12M) 0.701ms
[116.488s][info][gc] GC(54) Pause Young (Concurrent Start) (G1 Evacuation Pause) 7M->5M(12M) 0.750ms
[116.488s][info][gc] GC(55) Concurrent Mark Cycle
[116.493s][info][gc] GC(55) Pause Remark 6M->6M(12M) 1.819ms
[116.494s][info][gc] GC(55) Pause Cleanup 6M->6M(12M) 0.104ms
[116.494s][info][gc] GC(55) Concurrent Mark Cycle 6.309ms
[135.502s][info][gc] GC(56) Pause Young (Normal) (G1 Evacuation Pause) 7M->6M(12M) 0.568ms
[156.525s][info][gc] GC(57) Pause Young (Concurrent Start) (G1 Evacuation Pause) 8M->6M(12M) 0.914ms
[156.525s][info][gc] GC(58) Concurrent Mark Cycle
[156.530s][info][gc] GC(58) Pause Remark 6M->6M(12M) 1.711ms
[156.531s][info][gc] GC(58) Pause Cleanup 6M->6M(12M) 0.062ms
[156.531s][info][gc] GC(58) Concurrent Mark Cycle 6.019ms
[178.487s][info][gc] GC(59) Pause Young (Normal) (G1 Evacuation Pause) 8M->5M(12M) 0.645ms
[199.566s][info][gc] GC(60) Pause Young (Concurrent Start) (G1 Evacuation Pause) 7M->5M(12M) 1.020ms
[199.566s][info][gc] GC(61) Concurrent Mark Cycle
[199.571s][info][gc] GC(61) Pause Remark 6M->6M(12M) 1.963ms
[199.573s][info][gc] GC(61) Pause Cleanup 6M->6M(12M) 0.079ms
[199.573s][info][gc] GC(61) Concurrent Mark Cycle 7.168ms
[220.580s][info][gc] GC(62) Pause Young (Normal) (G1 Evacuation Pause) 7M->5M(12M) 0.947ms
[241.599s][info][gc] GC(63) Pause Young (Concurrent Start) (G1 Evacuation Pause) 7M->6M(12M) 0.890ms
[241.599s][info][gc] GC(64) Concurrent Mark Cycle
[241.604s][info][gc] GC(64) Pause Remark 6M->6M(12M) 1.972ms
[241.605s][info][gc] GC(64) Pause Cleanup 6M->6M(12M) 0.072ms
[241.605s][info][gc] GC(64) Concurrent Mark Cycle 6.432ms
[263.531s][info][gc] GC(65) Pause Young (Normal) (G1 Evacuation Pause) 8M->6M(12M) 0.908ms
[284.540s][info][gc] GC(66) Pause Young (Concurrent Start) (G1 Evacuation Pause) 8M->5M(12M) 0.977ms
[284.540s][info][gc] GC(67) Concurrent Mark Cycle
[284.546s][info][gc] GC(67) Pause Remark 6M->6M(12M) 2.614ms
[284.547s][info][gc] GC(67) Pause Cleanup 6M->6M(12M) 0.082ms
[284.547s][info][gc] GC(67) Concurrent Mark Cycle 7.076ms
