[0.006s][info][gc] Using The Z Garbage Collector
[0.264s][info][gc] GC(0) Garbage Collection (Warmup) 4M(33%)->4M(33%)
[0.358s][info][gc] GC(1) Garbage Collection (Warmup) 6M(50%)->6M(50%)
[0.466s][info][gc] GC(2) Garbage Collection (Warmup) 6M(50%)->4M(33%)
[1.059s][info][gc] GC(3) Garbage Collection (Proactive) 6M(50%)->6M(50%)
[4.459s][info][gc] Allocation Stall (Attach Listener) 9.044ms
[4.460s][info][gc] Allocation Stall (Common-Cleaner) 1.669ms
[4.460s][info][gc] GC(4) Garbage Collection (Allocation Rate) 12M(100%)->8M(67%)
[4.518s][info][gc] Relocation Stall (Attach Listener) 0.822ms
[4.518s][info][gc] Relocation Stall (Common-Cleaner) 0.290ms
[4.518s][info][gc] Allocation Stall (Common-Cleaner) 2.340ms
[4.518s][info][gc] Relocation Stall (Attach Listener) 0.615ms
[4.518s][info][gc] GC(5) Garbage Collection (Allocation Stall) 12M(100%)->10M(83%)
[4.518s][info][gc] Allocation Stall (Attach Listener) 12.545ms
[4.568s][info][gc] GC(6) Garbage Collection (Allocation Stall) 12M(100%)->10M(83%)
[4.568s][info][gc] Allocation Stall (Common-Cleaner) 1.117ms
[4.568s][info][gc] Allocation Stall (JFR Periodic Tasks) 8.506ms
[4.669s][info][gc] Relocation Stall (Attach Listener) 0.081ms
[4.669s][info][gc] Relocation Stall (C2 CompilerThread1) 0.229ms
[4.670s][info][gc] Relocation Stall (Attach Listener) 0.827ms
[4.670s][info][gc] GC(7) Garbage Collection (Allocation Stall) 10M(83%)->10M(83%)
[4.774s][info][gc] Allocation Stall (RMI TCP Connection(1)-192.168.1.33) 10.649ms
[4.774s][info][gc] Allocation Stall (JFR Periodic Tasks) 10.950ms
[4.774s][info][gc] Allocation Stall (Common-Cleaner) 1.683ms
[4.775s][info][gc] GC(8) Garbage Collection (Allocation Rate) 12M(100%)->8M(67%)
[4.871s][info][gc] Allocation Stall (Common-Cleaner) 1.528ms
[4.872s][info][gc] Relocation Stall (JFR Periodic Tasks) 0.823ms
[4.872s][info][gc] GC(9) Garbage Collection (Allocation Stall) 12M(100%)->10M(83%)
[4.872s][info][gc] Allocation Stall (JFR Periodic Tasks) 14.250ms
[4.978s][info][gc] GC(10) Garbage Collection (Allocation Stall) 8M(67%)->6M(50%)
[5.067s][info][gc] GC(11) Garbage Collection (Allocation Rate) 8M(67%)->6M(50%)
[5.171s][info][gc] GC(12) Garbage Collection (Allocation Rate) 8M(67%)->6M(50%)
[5.267s][info][gc] GC(13) Garbage Collection (Allocation Rate) 8M(67%)->6M(50%)
[5.359s][info][gc] GC(14) Garbage Collection (Allocation Rate) 8M(67%)->6M(50%)
[5.470s][info][gc] GC(15) Garbage Collection (Allocation Rate) 8M(67%)->6M(50%)
[5.564s][info][gc] GC(16) Garbage Collection (Allocation Rate) 10M(83%)->10M(83%)
[5.673s][info][gc] GC(17) Garbage Collection (Allocation Rate) 10M(83%)->8M(67%)
[5.767s][info][gc] GC(18) Garbage Collection (Allocation Rate) 10M(83%)->10M(83%)
[5.861s][info][gc] GC(19) Garbage Collection (Allocation Rate) 10M(83%)->10M(83%)
[5.969s][info][gc] GC(20) Garbage Collection (Allocation Rate) 10M(83%)->8M(67%)
[6.066s][info][gc] GC(21) Garbage Collection (Allocation Rate) 10M(83%)->8M(67%)
[6.172s][info][gc] GC(22) Garbage Collection (Allocation Rate) 10M(83%)->10M(83%)
[6.264s][info][gc] GC(23) Garbage Collection (Allocation Rate) 10M(83%)->10M(83%)
[6.374s][info][gc] GC(24) Garbage Collection (Allocation Rate) 10M(83%)->8M(67%)
[6.468s][info][gc] GC(25) Garbage Collection (Allocation Rate) 10M(83%)->8M(67%)
[6.562s][info][gc] GC(26) Garbage Collection (Allocation Rate) 10M(83%)->8M(67%)
[6.673s][info][gc] GC(27) Garbage Collection (Allocation Rate) 10M(83%)->10M(83%)
[6.769s][info][gc] GC(28) Garbage Collection (Allocation Rate) 10M(83%)->8M(67%)
[6.864s][info][gc] GC(29) Garbage Collection (Allocation Rate) 10M(83%)->10M(83%)
[6.974s][info][gc] GC(30) Garbage Collection (Allocation Rate) 10M(83%)->8M(67%)
[7.068s][info][gc] GC(31) Garbage Collection (Allocation Rate) 10M(83%)->8M(67%)
[7.161s][info][gc] GC(32) Garbage Collection (Allocation Rate) 10M(83%)->8M(67%)
[7.269s][info][gc] GC(33) Garbage Collection (Allocation Rate) 10M(83%)->8M(67%)
[7.363s][info][gc] GC(34) Garbage Collection (Allocation Rate) 10M(83%)->8M(67%)
[7.471s][info][gc] GC(35) Garbage Collection (Allocation Rate) 10M(83%)->8M(67%)
[7.566s][info][gc] GC(36) Garbage Collection (Allocation Rate) 10M(83%)->8M(67%)
[7.660s][info][gc] GC(37) Garbage Collection (Allocation Rate) 10M(83%)->8M(67%)
[7.769s][info][gc] GC(38) Garbage Collection (Allocation Rate) 10M(83%)->10M(83%)
[7.863s][info][gc] GC(39) Garbage Collection (Allocation Rate) 10M(83%)->6M(50%)
[7.970s][info][gc] GC(40) Garbage Collection (Allocation Rate) 8M(67%)->8M(67%)
[8.062s][info][gc] GC(41) Garbage Collection (Allocation Rate) 10M(83%)->6M(50%)
[8.170s][info][gc] GC(42) Garbage Collection (Allocation Rate) 8M(67%)->6M(50%)
[8.262s][info][gc] GC(43) Garbage Collection (Allocation Rate) 8M(67%)->8M(67%)
[8.370s][info][gc] GC(44) Garbage Collection (Allocation Rate) 8M(67%)->6M(50%)
[8.462s][info][gc] GC(45) Garbage Collection (Allocation Rate) 8M(67%)->8M(67%)
[8.572s][info][gc] GC(46) Garbage Collection (Allocation Rate) 8M(67%)->8M(67%)
[8.667s][info][gc] GC(47) Garbage Collection (Allocation Rate) 8M(67%)->6M(50%)
[8.761s][info][gc] GC(48) Garbage Collection (Allocation Rate) 8M(67%)->6M(50%)
[8.868s][info][gc] GC(49) Garbage Collection (Allocation Rate) 8M(67%)->8M(67%)
[8.963s][info][gc] GC(50) Garbage Collection (Allocation Rate) 10M(83%)->8M(67%)
[9.069s][info][gc] GC(51) Garbage Collection (Allocation Rate) 10M(83%)->8M(67%)
[9.162s][info][gc] GC(52) Garbage Collection (Allocation Rate) 10M(83%)->8M(67%)
[9.271s][info][gc] GC(53) Garbage Collection (Allocation Rate) 10M(83%)->8M(67%)
[9.366s][info][gc] GC(54) Garbage Collection (Allocation Rate) 10M(83%)->8M(67%)
[9.460s][info][gc] GC(55) Garbage Collection (Allocation Rate) 10M(83%)->8M(67%)
[9.570s][info][gc] GC(56) Garbage Collection (Allocation Rate) 10M(83%)->10M(83%)
[9.665s][info][gc] GC(57) Garbage Collection (Allocation Rate) 10M(83%)->10M(83%)
[9.775s][info][gc] GC(58) Garbage Collection (Allocation Rate) 10M(83%)->8M(67%)
[9.867s][info][gc] GC(59) Garbage Collection (Allocation Rate) 10M(83%)->8M(67%)
[9.974s][info][gc] GC(60) Garbage Collection (Allocation Rate) 10M(83%)->10M(83%)
[10.066s][info][gc] GC(61) Garbage Collection (Allocation Rate) 10M(83%)->8M(67%)
[10.173s][info][gc] GC(62) Garbage Collection (Allocation Rate) 10M(83%)->8M(67%)
[10.266s][info][gc] GC(63) Garbage Collection (Allocation Rate) 10M(83%)->8M(67%)
[10.374s][info][gc] GC(64) Garbage Collection (Allocation Rate) 10M(83%)->8M(67%)
[10.467s][info][gc] GC(65) Garbage Collection (Allocation Rate) 10M(83%)->10M(83%)
[10.561s][info][gc] GC(66) Garbage Collection (Allocation Rate) 10M(83%)->8M(67%)
[10.668s][info][gc] GC(67) Garbage Collection (Allocation Rate) 10M(83%)->8M(67%)
[10.762s][info][gc] GC(68) Garbage Collection (Allocation Rate) 10M(83%)->8M(67%)
[10.870s][info][gc] GC(69) Garbage Collection (Allocation Rate) 10M(83%)->8M(67%)
[10.966s][info][gc] GC(70) Garbage Collection (Allocation Rate) 10M(83%)->8M(67%)
[11.074s][info][gc] GC(71) Garbage Collection (Allocation Rate) 10M(83%)->8M(67%)
[11.166s][info][gc] GC(72) Garbage Collection (Allocation Rate) 10M(83%)->8M(67%)
[11.260s][info][gc] GC(73) Garbage Collection (Allocation Rate) 10M(83%)->8M(67%)
[11.366s][info][gc] GC(74) Garbage Collection (Allocation Rate) 10M(83%)->8M(67%)
[11.475s][info][gc] GC(75) Garbage Collection (Allocation Rate) 10M(83%)->8M(67%)
[11.569s][info][gc] GC(76) Garbage Collection (Allocation Rate) 10M(83%)->8M(67%)
[11.666s][info][gc] GC(77) Garbage Collection (Allocation Rate) 10M(83%)->8M(67%)
[11.773s][info][gc] GC(78) Garbage Collection (Allocation Rate) 10M(83%)->8M(67%)
[11.867s][info][gc] GC(79) Garbage Collection (Allocation Rate) 10M(83%)->8M(67%)
[11.974s][info][gc] GC(80) Garbage Collection (Allocation Rate) 10M(83%)->8M(67%)
[12.066s][info][gc] GC(81) Garbage Collection (Allocation Rate) 10M(83%)->8M(67%)
[12.173s][info][gc] GC(82) Garbage Collection (Allocation Rate) 10M(83%)->8M(67%)
[12.267s][info][gc] GC(83) Garbage Collection (Allocation Rate) 10M(83%)->8M(67%)
[12.360s][info][gc] GC(84) Garbage Collection (Allocation Rate) 10M(83%)->8M(67%)
[12.468s][info][gc] GC(85) Garbage Collection (Allocation Rate) 10M(83%)->8M(67%)
[12.560s][info][gc] GC(86) Garbage Collection (Allocation Rate) 10M(83%)->8M(67%)
[12.669s][info][gc] GC(87) Garbage Collection (Allocation Rate) 10M(83%)->8M(67%)
[12.760s][info][gc] GC(88) Garbage Collection (Allocation Rate) 10M(83%)->10M(83%)
[12.871s][info][gc] GC(89) Garbage Collection (Allocation Rate) 10M(83%)->8M(67%)
[12.964s][info][gc] GC(90) Garbage Collection (Allocation Rate) 10M(83%)->10M(83%)
[13.073s][info][gc] GC(91) Garbage Collection (Allocation Rate) 10M(83%)->8M(67%)
[13.167s][info][gc] GC(92) Garbage Collection (Allocation Rate) 10M(83%)->8M(67%)
[13.275s][info][gc] GC(93) Garbage Collection (Allocation Rate) 10M(83%)->8M(67%)
[13.369s][info][gc] GC(94) Garbage Collection (Allocation Rate) 10M(83%)->8M(67%)
[13.464s][info][gc] GC(95) Garbage Collection (Allocation Rate) 10M(83%)->8M(67%)
[13.573s][info][gc] GC(96) Garbage Collection (Allocation Rate) 10M(83%)->8M(67%)
[13.666s][info][gc] GC(97) Garbage Collection (Allocation Rate) 10M(83%)->8M(67%)
[13.759s][info][gc] GC(98) Garbage Collection (Allocation Rate) 10M(83%)->8M(67%)
[13.868s][info][gc] GC(99) Garbage Collection (Allocation Rate) 10M(83%)->8M(67%)
[13.961s][info][gc] GC(100) Garbage Collection (Allocation Rate) 10M(83%)->8M(67%)
[14.070s][info][gc] GC(101) Garbage Collection (Allocation Rate) 10M(83%)->8M(67%)
[14.163s][info][gc] GC(102) Garbage Collection (Allocation Rate) 10M(83%)->8M(67%)
[14.272s][info][gc] GC(103) Garbage Collection (Allocation Rate) 10M(83%)->8M(67%)
[14.366s][info][gc] GC(104) Garbage Collection (Allocation Rate) 10M(83%)->8M(67%)
[14.459s][info][gc] GC(105) Garbage Collection (Allocation Rate) 10M(83%)->8M(67%)
[14.567s][info][gc] GC(106) Garbage Collection (Allocation Rate) 10M(83%)->8M(67%)
[14.660s][info][gc] GC(107) Garbage Collection (Allocation Rate) 10M(83%)->8M(67%)
[14.769s][info][gc] GC(108) Garbage Collection (Allocation Rate) 10M(83%)->8M(67%)
[14.863s][info][gc] GC(109) Garbage Collection (Allocation Rate) 10M(83%)->8M(67%)
[14.974s][info][gc] GC(110) Garbage Collection (Allocation Rate) 10M(83%)->8M(67%)
[15.063s][info][gc] GC(111) Garbage Collection (Allocation Rate) 10M(83%)->8M(67%)
[15.170s][info][gc] GC(112) Garbage Collection (Allocation Rate) 10M(83%)->8M(67%)
[15.262s][info][gc] GC(113) Garbage Collection (Allocation Rate) 10M(83%)->10M(83%)
[15.369s][info][gc] GC(114) Garbage Collection (Allocation Rate) 10M(83%)->8M(67%)
[15.463s][info][gc] GC(115) Garbage Collection (Allocation Rate) 10M(83%)->8M(67%)
[15.570s][info][gc] GC(116) Garbage Collection (Allocation Rate) 10M(83%)->8M(67%)
[15.664s][info][gc] GC(117) Garbage Collection (Allocation Rate) 10M(83%)->8M(67%)
[15.771s][info][gc] GC(118) Garbage Collection (Allocation Rate) 10M(83%)->10M(83%)
[15.865s][info][gc] GC(119) Garbage Collection (Allocation Rate) 10M(83%)->8M(67%)
[15.974s][info][gc] GC(120) Garbage Collection (Allocation Rate) 10M(83%)->8M(67%)
[16.067s][info][gc] GC(121) Garbage Collection (Allocation Rate) 10M(83%)->8M(67%)
[16.162s][info][gc] GC(122) Garbage Collection (Allocation Rate) 10M(83%)->8M(67%)
[16.269s][info][gc] GC(123) Garbage Collection (Allocation Rate) 10M(83%)->8M(67%)
[16.363s][info][gc] GC(124) Garbage Collection (Allocation Rate) 10M(83%)->8M(67%)
[16.474s][info][gc] GC(125) Garbage Collection (Allocation Rate) 10M(83%)->8M(67%)
[16.568s][info][gc] GC(126) Garbage Collection (Allocation Rate) 10M(83%)->8M(67%)
[16.662s][info][gc] GC(127) Garbage Collection (Allocation Rate) 10M(83%)->8M(67%)
[16.772s][info][gc] GC(128) Garbage Collection (Allocation Rate) 10M(83%)->10M(83%)
[16.864s][info][gc] GC(129) Garbage Collection (Allocation Rate) 10M(83%)->10M(83%)
[16.972s][info][gc] GC(130) Garbage Collection (Allocation Rate) 10M(83%)->10M(83%)
[17.065s][info][gc] GC(131) Garbage Collection (Allocation Rate) 10M(83%)->8M(67%)
[17.173s][info][gc] GC(132) Garbage Collection (Allocation Rate) 10M(83%)->8M(67%)
[17.266s][info][gc] GC(133) Garbage Collection (Allocation Rate) 10M(83%)->8M(67%)
[17.360s][info][gc] GC(134) Garbage Collection (Allocation Rate) 10M(83%)->8M(67%)
[17.468s][info][gc] GC(135) Garbage Collection (Allocation Rate) 10M(83%)->8M(67%)
[17.563s][info][gc] GC(136) Garbage Collection (Allocation Rate) 10M(83%)->10M(83%)
[17.672s][info][gc] GC(137) Garbage Collection (Allocation Rate) 10M(83%)->8M(67%)
[17.765s][info][gc] GC(138) Garbage Collection (Allocation Rate) 10M(83%)->8M(67%)
[17.875s][info][gc] GC(139) Garbage Collection (Allocation Rate) 10M(83%)->8M(67%)
[17.965s][info][gc] GC(140) Garbage Collection (Allocation Rate) 10M(83%)->8M(67%)
[18.059s][info][gc] GC(141) Garbage Collection (Allocation Rate) 10M(83%)->8M(67%)
[18.168s][info][gc] GC(142) Garbage Collection (Allocation Rate) 10M(83%)->8M(67%)
[18.261s][info][gc] GC(143) Garbage Collection (Allocation Rate) 10M(83%)->8M(67%)
[18.373s][info][gc] GC(144) Garbage Collection (Allocation Rate) 10M(83%)->8M(67%)
[18.467s][info][gc] GC(145) Garbage Collection (Allocation Rate) 10M(83%)->8M(67%)
[18.561s][info][gc] GC(146) Garbage Collection (Allocation Rate) 10M(83%)->8M(67%)
[18.668s][info][gc] GC(147) Garbage Collection (Allocation Rate) 10M(83%)->8M(67%)
[18.761s][info][gc] GC(148) Garbage Collection (Allocation Rate) 10M(83%)->8M(67%)
[18.870s][info][gc] GC(149) Garbage Collection (Allocation Rate) 10M(83%)->8M(67%)
[18.964s][info][gc] GC(150) Garbage Collection (Allocation Rate) 10M(83%)->8M(67%)
[19.072s][info][gc] GC(151) Garbage Collection (Allocation Rate) 10M(83%)->8M(67%)
[19.167s][info][gc] GC(152) Garbage Collection (Allocation Rate) 10M(83%)->8M(67%)
[19.260s][info][gc] GC(153) Garbage Collection (Allocation Rate) 10M(83%)->8M(67%)
[19.369s][info][gc] GC(154) Garbage Collection (Allocation Rate) 10M(83%)->8M(67%)
[19.462s][info][gc] GC(155) Garbage Collection (Allocation Rate) 10M(83%)->8M(67%)
[19.571s][info][gc] GC(156) Garbage Collection (Allocation Rate) 10M(83%)->8M(67%)
[19.664s][info][gc] GC(157) Garbage Collection (Allocation Rate) 10M(83%)->8M(67%)
[19.772s][info][gc] GC(158) Garbage Collection (Allocation Rate) 10M(83%)->8M(67%)
[19.865s][info][gc] GC(159) Garbage Collection (Allocation Rate) 10M(83%)->8M(67%)
[19.959s][info][gc] GC(160) Garbage Collection (Allocation Rate) 10M(83%)->8M(67%)
[20.068s][info][gc] GC(161) Garbage Collection (Allocation Rate) 10M(83%)->8M(67%)
[20.160s][info][gc] GC(162) Garbage Collection (Allocation Rate) 10M(83%)->8M(67%)
[20.267s][info][gc] GC(163) Garbage Collection (Allocation Rate) 10M(83%)->8M(67%)
[20.361s][info][gc] GC(164) Garbage Collection (Allocation Rate) 8M(67%)->8M(67%)
[20.469s][info][gc] GC(165) Garbage Collection (Allocation Rate) 8M(67%)->8M(67%)
[20.563s][info][gc] GC(166) Garbage Collection (Allocation Rate) 8M(67%)->8M(67%)
[20.673s][info][gc] GC(167) Garbage Collection (Allocation Rate) 8M(67%)->8M(67%)
[20.765s][info][gc] GC(168) Garbage Collection (Allocation Rate) 8M(67%)->8M(67%)
[20.859s][info][gc] GC(169) Garbage Collection (Allocation Rate) 10M(83%)->8M(67%)
[20.971s][info][gc] GC(170) Garbage Collection (Allocation Rate) 8M(67%)->8M(67%)
[21.064s][info][gc] GC(171) Garbage Collection (Allocation Rate) 8M(67%)->8M(67%)
[21.171s][info][gc] GC(172) Garbage Collection (Allocation Rate) 8M(67%)->8M(67%)
[21.264s][info][gc] GC(173) Garbage Collection (Allocation Rate) 8M(67%)->8M(67%)
[21.373s][info][gc] GC(174) Garbage Collection (Allocation Rate) 8M(67%)->8M(67%)
[21.466s][info][gc] GC(175) Garbage Collection (Allocation Rate) 8M(67%)->8M(67%)
[21.574s][info][gc] GC(176) Garbage Collection (Allocation Rate) 8M(67%)->8M(67%)
[21.668s][info][gc] GC(177) Garbage Collection (Allocation Rate) 8M(67%)->8M(67%)
[21.760s][info][gc] GC(178) Garbage Collection (Allocation Rate) 8M(67%)->8M(67%)
[21.871s][info][gc] GC(179) Garbage Collection (Allocation Rate) 10M(83%)->8M(67%)
[22.863s][info][gc] GC(180) Garbage Collection (Allocation Rate) 10M(83%)->8M(67%)
[23.559s][info][gc] GC(181) Garbage Collection (Allocation Rate) 12M(100%)->12M(100%)
[23.559s][info][gc] Allocation Stall (Common-Cleaner) 1.058ms
[23.667s][info][gc] GC(182) Garbage Collection (Allocation Stall) 12M(100%)->10M(83%)
[23.759s][info][gc] GC(183) Garbage Collection (Allocation Rate) 10M(83%)->10M(83%)
[23.869s][info][gc] GC(184) Garbage Collection (Allocation Rate) 12M(100%)->10M(83%)
[23.963s][info][gc] GC(185) Garbage Collection (Allocation Rate) 10M(83%)->10M(83%)
[24.070s][info][gc] GC(186) Garbage Collection (Allocation Rate) 10M(83%)->10M(83%)
[24.164s][info][gc] GC(187) Garbage Collection (Allocation Rate) 10M(83%)->10M(83%)
[24.273s][info][gc] GC(188) Garbage Collection (Allocation Rate) 10M(83%)->10M(83%)
[24.366s][info][gc] GC(189) Garbage Collection (Allocation Rate) 10M(83%)->10M(83%)
[24.460s][info][gc] GC(190) Garbage Collection (Allocation Rate) 10M(83%)->10M(83%)
[24.568s][info][gc] GC(191) Garbage Collection (Allocation Rate) 10M(83%)->10M(83%)
[24.659s][info][gc] GC(192) Garbage Collection (Allocation Rate) 10M(83%)->10M(83%)
[24.769s][info][gc] GC(193) Garbage Collection (Allocation Rate) 10M(83%)->10M(83%)
[24.860s][info][gc] Allocation Stall (RMI TCP Connection(1)-192.168.1.33) 10.224ms
[24.860s][info][gc] GC(194) Garbage Collection (Allocation Rate) 12M(100%)->12M(100%)
[24.972s][info][gc] GC(195) Garbage Collection (Allocation Stall) 12M(100%)->10M(83%)
[25.062s][info][gc] GC(196) Garbage Collection (Allocation Rate) 10M(83%)->10M(83%)
[25.171s][info][gc] GC(197) Garbage Collection (Allocation Rate) 10M(83%)->10M(83%)
[25.265s][info][gc] GC(198) Garbage Collection (Allocation Rate) 10M(83%)->10M(83%)
[25.374s][info][gc] GC(199) Garbage Collection (Allocation Rate) 10M(83%)->10M(83%)
[25.467s][info][gc] GC(200) Garbage Collection (Allocation Rate) 10M(83%)->10M(83%)
[25.561s][info][gc] GC(201) Garbage Collection (Allocation Rate) 10M(83%)->10M(83%)
[25.669s][info][gc] GC(202) Garbage Collection (Allocation Rate) 10M(83%)->10M(83%)
[25.763s][info][gc] GC(203) Garbage Collection (Allocation Rate) 10M(83%)->10M(83%)
[25.872s][info][gc] GC(204) Garbage Collection (Allocation Rate) 12M(100%)->10M(83%)
[25.964s][info][gc] GC(205) Garbage Collection (Allocation Rate) 10M(83%)->10M(83%)
[26.072s][info][gc] GC(206) Garbage Collection (Allocation Rate) 10M(83%)->10M(83%)
[26.166s][info][gc] GC(207) Garbage Collection (Allocation Rate) 10M(83%)->10M(83%)
[26.273s][info][gc] GC(208) Garbage Collection (Allocation Rate) 10M(83%)->10M(83%)
[26.370s][info][gc] GC(209) Garbage Collection (Allocation Rate) 10M(83%)->10M(83%)
[26.463s][info][gc] GC(210) Garbage Collection (Allocation Rate) 10M(83%)->10M(83%)
[26.573s][info][gc] GC(211) Garbage Collection (Allocation Rate) 10M(83%)->10M(83%)
[26.668s][info][gc] GC(212) Garbage Collection (Allocation Rate) 10M(83%)->10M(83%)
[26.761s][info][gc] GC(213) Garbage Collection (Allocation Rate) 10M(83%)->10M(83%)
[26.871s][info][gc] GC(214) Garbage Collection (Allocation Rate) 12M(100%)->10M(83%)
[26.963s][info][gc] GC(215) Garbage Collection (Allocation Rate) 10M(83%)->10M(83%)
[27.070s][info][gc] GC(216) Garbage Collection (Allocation Rate) 10M(83%)->10M(83%)
[27.162s][info][gc] GC(217) Garbage Collection (Allocation Rate) 10M(83%)->10M(83%)
[27.269s][info][gc] GC(218) Garbage Collection (Allocation Rate) 10M(83%)->10M(83%)
[27.364s][info][gc] GC(219) Garbage Collection (Allocation Rate) 10M(83%)->10M(83%)
[27.473s][info][gc] GC(220) Garbage Collection (Allocation Rate) 10M(83%)->10M(83%)
[27.568s][info][gc] GC(221) Garbage Collection (Allocation Rate) 10M(83%)->10M(83%)
[27.661s][info][gc] GC(222) Garbage Collection (Allocation Rate) 10M(83%)->10M(83%)
[27.771s][info][gc] GC(223) Garbage Collection (Allocation Rate) 10M(83%)->10M(83%)
[27.865s][info][gc] GC(224) Garbage Collection (Allocation Rate) 12M(100%)->10M(83%)
[27.973s][info][gc] GC(225) Garbage Collection (Allocation Rate) 10M(83%)->10M(83%)
[28.067s][info][gc] GC(226) Garbage Collection (Allocation Rate) 10M(83%)->10M(83%)
[28.161s][info][gc] GC(227) Garbage Collection (Allocation Rate) 10M(83%)->10M(83%)
[28.268s][info][gc] GC(228) Garbage Collection (Allocation Rate) 10M(83%)->10M(83%)
[28.363s][info][gc] GC(229) Garbage Collection (Allocation Rate) 10M(83%)->10M(83%)
[28.472s][info][gc] GC(230) Garbage Collection (Allocation Rate) 10M(83%)->10M(83%)
[28.567s][info][gc] GC(231) Garbage Collection (Allocation Rate) 10M(83%)->10M(83%)
[28.663s][info][gc] GC(232) Garbage Collection (Allocation Rate) 10M(83%)->10M(83%)
[28.773s][info][gc] GC(233) Garbage Collection (Allocation Rate) 10M(83%)->10M(83%)
[28.865s][info][gc] GC(234) Garbage Collection (Allocation Rate) 12M(100%)->12M(100%)
[28.865s][info][gc] Allocation Stall (RMI TCP Connection(1)-192.168.1.33) 10.645ms
[28.974s][info][gc] GC(235) Garbage Collection (Allocation Stall) 12M(100%)->10M(83%)
[29.066s][info][gc] GC(236) Garbage Collection (Allocation Rate) 10M(83%)->10M(83%)
[29.160s][info][gc] GC(237) Garbage Collection (Allocation Rate) 10M(83%)->10M(83%)
[29.268s][info][gc] GC(238) Garbage Collection (Allocation Rate) 10M(83%)->10M(83%)
[29.362s][info][gc] GC(239) Garbage Collection (Allocation Rate) 10M(83%)->10M(83%)
[29.471s][info][gc] GC(240) Garbage Collection (Allocation Rate) 10M(83%)->10M(83%)
[29.565s][info][gc] GC(241) Garbage Collection (Allocation Rate) 10M(83%)->10M(83%)
[29.674s][info][gc] GC(242) Garbage Collection (Allocation Rate) 10M(83%)->10M(83%)
[29.769s][info][gc] GC(243) Garbage Collection (Allocation Rate) 10M(83%)->10M(83%)
[29.865s][info][gc] GC(244) Garbage Collection (Allocation Rate) 12M(100%)->12M(100%)
[29.865s][info][gc] Allocation Stall (RMI TCP Connection(1)-192.168.1.33) 11.198ms
[29.973s][info][gc] GC(245) Garbage Collection (Allocation Stall) 12M(100%)->10M(83%)
[30.063s][info][gc] GC(246) Garbage Collection (Allocation Rate) 10M(83%)->10M(83%)
[30.170s][info][gc] GC(247) Garbage Collection (Allocation Rate) 10M(83%)->10M(83%)
[30.262s][info][gc] GC(248) Garbage Collection (Allocation Rate) 10M(83%)->10M(83%)
[30.371s][info][gc] GC(249) Garbage Collection (Allocation Rate) 10M(83%)->10M(83%)
[30.467s][info][gc] GC(250) Garbage Collection (Allocation Rate) 10M(83%)->10M(83%)
[30.563s][info][gc] GC(251) Garbage Collection (Allocation Rate) 10M(83%)->10M(83%)
[30.670s][info][gc] GC(252) Garbage Collection (Allocation Rate) 10M(83%)->10M(83%)
[30.764s][info][gc] GC(253) Garbage Collection (Allocation Rate) 10M(83%)->10M(83%)
[30.874s][info][gc] GC(254) Garbage Collection (Allocation Rate) 12M(100%)->10M(83%)
[30.961s][info][gc] GC(255) Garbage Collection (Allocation Rate) 10M(83%)->10M(83%)
[31.060s][info][gc] GC(256) Garbage Collection (Allocation Rate) 10M(83%)->10M(83%)
[31.160s][info][gc] GC(257) Garbage Collection (Allocation Rate) 10M(83%)->10M(83%)
[31.260s][info][gc] GC(258) Garbage Collection (Allocation Rate) 10M(83%)->10M(83%)
[31.360s][info][gc] GC(259) Garbage Collection (Allocation Rate) 10M(83%)->10M(83%)
[31.460s][info][gc] GC(260) Garbage Collection (Allocation Rate) 10M(83%)->10M(83%)
[31.560s][info][gc] GC(261) Garbage Collection (Allocation Rate) 10M(83%)->10M(83%)
[31.660s][info][gc] GC(262) Garbage Collection (Allocation Rate) 10M(83%)->10M(83%)
[31.761s][info][gc] GC(263) Garbage Collection (Allocation Rate) 10M(83%)->10M(83%)
[31.861s][info][gc] Allocation Stall (RMI TCP Connection(1)-192.168.1.33) 7.710ms
[31.861s][info][gc] GC(264) Garbage Collection (Allocation Rate) 12M(100%)->12M(100%)
[31.962s][info][gc] GC(265) Garbage Collection (Allocation Stall) 12M(100%)->10M(83%)
[32.072s][info][gc] GC(266) Garbage Collection (Allocation Rate) 10M(83%)->10M(83%)
[32.166s][info][gc] GC(267) Garbage Collection (Allocation Rate) 10M(83%)->10M(83%)
[32.273s][info][gc] GC(268) Garbage Collection (Allocation Rate) 10M(83%)->10M(83%)
[32.366s][info][gc] GC(269) Garbage Collection (Allocation Rate) 10M(83%)->10M(83%)
[32.460s][info][gc] GC(270) Garbage Collection (Allocation Rate) 10M(83%)->10M(83%)
[32.571s][info][gc] GC(271) Garbage Collection (Allocation Rate) 10M(83%)->10M(83%)
[32.665s][info][gc] GC(272) Garbage Collection (Allocation Rate) 10M(83%)->10M(83%)
[32.774s][info][gc] GC(273) Garbage Collection (Allocation Rate) 10M(83%)->10M(83%)
[32.869s][info][gc] Allocation Stall (RMI TCP Connection(1)-192.168.1.33) 11.116ms
[32.870s][info][gc] GC(274) Garbage Collection (Allocation Rate) 12M(100%)->12M(100%)
[32.965s][info][gc] GC(275) Garbage Collection (Allocation Stall) 12M(100%)->10M(83%)
[33.075s][info][gc] GC(276) Garbage Collection (Allocation Rate) 10M(83%)->10M(83%)
[33.170s][info][gc] GC(277) Garbage Collection (Allocation Rate) 10M(83%)->10M(83%)
[33.262s][info][gc] GC(278) Garbage Collection (Allocation Rate) 10M(83%)->10M(83%)
[33.370s][info][gc] GC(279) Garbage Collection (Allocation Rate) 10M(83%)->10M(83%)
[33.464s][info][gc] GC(280) Garbage Collection (Allocation Rate) 10M(83%)->10M(83%)
[33.571s][info][gc] GC(281) Garbage Collection (Allocation Rate) 10M(83%)->10M(83%)
[33.663s][info][gc] GC(282) Garbage Collection (Allocation Rate) 10M(83%)->10M(83%)
[33.759s][info][gc] GC(283) Garbage Collection (Allocation Rate) 10M(83%)->10M(83%)
[33.868s][info][gc] Allocation Stall (RMI TCP Connection(1)-192.168.1.33) 11.068ms
[33.868s][info][gc] GC(284) Garbage Collection (Allocation Rate) 12M(100%)->12M(100%)
[33.976s][info][gc] GC(285) Garbage Collection (Allocation Stall) 12M(100%)->10M(83%)
[34.067s][info][gc] GC(286) Garbage Collection (Allocation Rate) 10M(83%)->10M(83%)
[34.160s][info][gc] GC(287) Garbage Collection (Allocation Rate) 10M(83%)->10M(83%)
[34.268s][info][gc] GC(288) Garbage Collection (Allocation Rate) 10M(83%)->10M(83%)
[34.360s][info][gc] GC(289) Garbage Collection (Allocation Rate) 10M(83%)->10M(83%)
[34.469s][info][gc] GC(290) Garbage Collection (Allocation Rate) 10M(83%)->10M(83%)
[34.562s][info][gc] GC(291) Garbage Collection (Allocation Rate) 10M(83%)->10M(83%)
[34.670s][info][gc] GC(292) Garbage Collection (Allocation Rate) 10M(83%)->10M(83%)
[34.764s][info][gc] GC(293) Garbage Collection (Allocation Rate) 10M(83%)->10M(83%)
[34.874s][info][gc] Allocation Stall (RMI TCP Connection(1)-192.168.1.33) 11.180ms
[34.874s][info][gc] GC(294) Garbage Collection (Allocation Rate) 12M(100%)->12M(100%)
[34.969s][info][gc] GC(295) Garbage Collection (Allocation Stall) 12M(100%)->8M(67%)
[35.867s][info][gc] GC(296) Garbage Collection (Allocation Rate) 10M(83%)->12M(100%)
[35.975s][info][gc] GC(297) Garbage Collection (Allocation Rate) 12M(100%)->10M(83%)
[36.068s][info][gc] GC(298) Garbage Collection (Allocation Rate) 10M(83%)->10M(83%)
[36.162s][info][gc] GC(299) Garbage Collection (Allocation Rate) 10M(83%)->10M(83%)
[36.271s][info][gc] GC(300) Garbage Collection (Allocation Rate) 10M(83%)->10M(83%)
[36.366s][info][gc] GC(301) Garbage Collection (Allocation Rate) 10M(83%)->10M(83%)
[36.475s][info][gc] GC(302) Garbage Collection (Allocation Rate) 10M(83%)->10M(83%)
[36.568s][info][gc] GC(303) Garbage Collection (Allocation Rate) 10M(83%)->10M(83%)
[36.660s][info][gc] GC(304) Garbage Collection (Allocation Rate) 10M(83%)->10M(83%)
[36.769s][info][gc] GC(305) Garbage Collection (Allocation Rate) 10M(83%)->10M(83%)
[36.862s][info][gc] GC(306) Garbage Collection (Allocation Rate) 12M(100%)->12M(100%)
[36.862s][info][gc] Allocation Stall (RMI TCP Connection(1)-192.168.1.33) 3.005ms
[36.970s][info][gc] GC(307) Garbage Collection (Allocation Stall) 12M(100%)->10M(83%)
[37.063s][info][gc] GC(308) Garbage Collection (Allocation Rate) 10M(83%)->10M(83%)
[37.171s][info][gc] GC(309) Garbage Collection (Allocation Rate) 10M(83%)->10M(83%)
[37.265s][info][gc] GC(310) Garbage Collection (Allocation Rate) 10M(83%)->10M(83%)
[37.305s][info][gc] GC(311) Garbage Collection (Allocation Stall) 12M(100%)->12M(100%)
[37.305s][info][gc] Allocation Stall (main) 11.489ms
[37.316s][info][gc] GC(312) Garbage Collection (Allocation Stall) 12M(100%)->12M(100%)
[37.317s][info][gc] Allocation Stall (main) 11.159ms
[37.327s][info][gc] GC(313) Garbage Collection (Allocation Stall) 12M(100%)->12M(100%)
[37.328s][info][gc] Allocation Stall (main) 10.962ms
[37.328s][info][gc] Out Of Memory (main)
[37.338s][info][gc] Allocation Stall (main) 10.682ms
[37.338s][info][gc] GC(314) Garbage Collection (Allocation Stall) 12M(100%)->10M(83%)
